Fitting Exponential data using uniformization
  1.423 s (16175266 allocations: 877.90 MiB)
Fitting Exponential data using ODE
  1.846 s (13596921 allocations: 591.44 MiB)
Fitting binned Gamma distribution with CF1(100) using uniformization
  8.140 s (670949 allocations: 7.33 GiB)
Fitting binned Gamma distribution with CF1(20) using ODE
  1.565 s (501953 allocations: 800.68 MiB)
Running ode_observations
  29.600 μs (34 allocations: 21.00 KiB)
Running ode_censored
  30.900 μs (35 allocations: 21.16 KiB)
Running c_integrand
  54.400 μs (53 allocations: 35.58 KiB)
Running d_integrand
  55.000 μs (54 allocations: 35.73 KiB)
Running e_step_observed_ode
  306.155 ms (294795 allocations: 128.80 MiB)
Running e_step_censored_ode
  7.538 ms (8318 allocations: 3.94 MiB)
