Fitting Exponential data using uniformization
  1.044 s (16175266 allocations: 877.90 MiB)
Fitting Exponential data using ODE
  1.297 s (13597123 allocations: 591.45 MiB)
Fitting binned Gamma distribution with CF1(100) using uniformization
  6.452 s (652856 allocations: 7.03 GiB)
Fitting binned Gamma distribution with CF1(20) using ODE
  1.669 s (502877 allocations: 802.78 MiB)
Running ode_observations
  37.700 μs (34 allocations: 21.00 KiB)
Running ode_censored
  41.800 μs (35 allocations: 21.16 KiB)
Running c_integrand
  63.300 μs (53 allocations: 35.58 KiB)
Running d_integrand
  68.300 μs (54 allocations: 35.73 KiB)
Running e_step_observed_ode
  410.581 ms (294795 allocations: 128.80 MiB)
Running e_step_censored_ode
  11.503 ms (8318 allocations: 3.94 MiB)
